// Vitest Snapshot v1

exports[`Tests of <CalendarModal /> > should render the modal 1`] = `<div />`;
