// Vitest Snapshot v1

exports[`Tests of <AppRouter /> > should show login if user is not authenticated 1`] = `
<div>
  <div
    class="container login-container"
  >
    <div
      class="row"
    >
      <div
        class="col-md-6 login-form-1"
      >
        <h3>
          Ingreso
        </h3>
        <form>
          <div
            class="form-group mb-2"
          >
            <input
              class="form-control"
              data-testid="login-email-input"
              name="loginEmail"
              placeholder="Correo"
              type="text"
              value=""
            />
          </div>
          <div
            class="form-group mb-2"
          >
            <input
              class="form-control"
              data-testid="login-password-input"
              name="loginPassword"
              placeholder="Contraseña"
              type="password"
              value=""
            />
          </div>
          <div
            class="d-grid gap-2 mt-3"
          >
            <input
              class="btnSubmit"
              type="submit"
              value="Login"
            />
          </div>
        </form>
      </div>
      <div
        class="col-md-6 login-form-2"
      >
        <h3>
          Registro
        </h3>
        <form>
          <div
            class="form-group mb-2"
          >
            <input
              class="form-control"
              data-testid="register-name-input"
              name="registerName"
              placeholder="Nombre"
              type="text"
              value=""
            />
          </div>
          <div
            class="form-group mb-2"
          >
            <input
              class="form-control"
              data-testid="register-email-input"
              name="registerEmail"
              placeholder="Correo"
              type="email"
              value=""
            />
          </div>
          <div
            class="form-group mb-2"
          >
            <input
              class="form-control"
              data-testid="register-password-input"
              name="registerPassword"
              placeholder="Contraseña"
              type="password"
              value=""
            />
          </div>
          <div
            class="form-group mb-2"
          >
            <input
              class="form-control"
              data-testid="register-password2-input"
              name="registerPassword2"
              placeholder="Repita la contraseña"
              type="password"
              value=""
            />
          </div>
          <div
            class="d-grid gap-2 mt-3"
          >
            <input
              class="btnSubmit"
              type="submit"
              value="Crear cuenta"
            />
          </div>
        </form>
      </div>
    </div>
  </div>
</div>
`;
